\unset ECHO
1..2
ok 1 - SELECT 1
ok 2 - SELECT 1/0
