\unset ECHO
SELECT 1 AS a|1|DONE
SELECT 1/0 AS a|ROLLBACK|FAIL
SELECT 1 AS a, 2 AS b|a	b
1	2|DONE
SELECT 1 AS a;SELECT 2 AS b|1
2|DONE
SELECT 1 AS a, 2 AS b;SELECT 3 AS c|a	b
1	2
3|DONE
